// Jest Snapshot v1, https://goo.gl/fbAQLP

exports[`renders correctly 1`] = `
<div>
  <style
    dangerouslySetInnerHTML={
      {
        "__html": ".css-cvoczr{cursor:pointer;font-family:"Roboto","Helvetica","Arial",sans-serif;text-transform:uppercase;color:var(--material-ui-calc-primary-main, #7986cb);}",
      }
    }
    data-emotion="css cvoczr"
  />
  <div
    className="css-cvoczr"
    onClick={[Function]}
  >
    deg
  </div>
  <style
    dangerouslySetInnerHTML={
      {
        "__html": ".css-1jecsdl{cursor:pointer;font-family:"Roboto","Helvetica","Arial",sans-serif;text-transform:uppercase;color:var(--material-ui-calc-disabled, #9e9e9e);}",
      }
    }
    data-emotion="css 1jecsdl"
  />
  <div
    className="css-1jecsdl"
    onClick={[Function]}
  >
    rad
  </div>
</div>
`;
