// Jest Snapshot v1, https://goo.gl/fbAQLP

exports[`renders correctly 1`] = `
<div
  className="Basic-pad-1"
>
  <div
    className="Pad-pad-3"
    style={Object {}}
  >
    <button
      className="MuiButtonBase-root-11 MuiIconButton-root-5 Pad-button-4"
      disabled={false}
      onBlur={[Function]}
      onClick={[Function]}
      onContextMenu={[Function]}
      onFocus={[Function]}
      onKeyDown={[Function]}
      onKeyUp={[Function]}
      onMouseDown={[Function]}
      onMouseLeave={[Function]}
      onMouseUp={[Function]}
      onTouchEnd={[Function]}
      onTouchMove={[Function]}
      onTouchStart={[Function]}
      tabIndex="-1"
      type="button"
    >
      <span
        className="MuiIconButton-label-10"
      >
        <div
          dangerouslySetInnerHTML={
            Object {
              "__html": "C",
            }
          }
        />
      </span>
      <span
        className="MuiTouchRipple-root-14"
      />
    </button>
  </div>
  <div
    className="Pad-pad-3"
    style={Object {}}
  >
    <button
      className="MuiButtonBase-root-11 MuiIconButton-root-5 Pad-button-4"
      disabled={false}
      onBlur={[Function]}
      onClick={[Function]}
      onContextMenu={[Function]}
      onFocus={[Function]}
      onKeyDown={[Function]}
      onKeyUp={[Function]}
      onMouseDown={[Function]}
      onMouseLeave={[Function]}
      onMouseUp={[Function]}
      onTouchEnd={[Function]}
      onTouchMove={[Function]}
      onTouchStart={[Function]}
      tabIndex="-1"
      type="button"
    >
      <span
        className="MuiIconButton-label-10"
      >
        <div
          dangerouslySetInnerHTML={
            Object {
              "__html": "±",
            }
          }
        />
      </span>
      <span
        className="MuiTouchRipple-root-14"
      />
    </button>
  </div>
  <div
    className="Pad-pad-3"
    style={Object {}}
  >
    <button
      className="MuiButtonBase-root-11 MuiIconButton-root-5 Pad-button-4"
      disabled={false}
      onBlur={[Function]}
      onClick={[Function]}
      onContextMenu={[Function]}
      onFocus={[Function]}
      onKeyDown={[Function]}
      onKeyUp={[Function]}
      onMouseDown={[Function]}
      onMouseLeave={[Function]}
      onMouseUp={[Function]}
      onTouchEnd={[Function]}
      onTouchMove={[Function]}
      onTouchStart={[Function]}
      tabIndex="-1"
      type="button"
    >
      <span
        className="MuiIconButton-label-10"
      >
        <div
          dangerouslySetInnerHTML={
            Object {
              "__html": "%",
            }
          }
        />
      </span>
      <span
        className="MuiTouchRipple-root-14"
      />
    </button>
  </div>
  <div
    className="Pad-pad-3 Basic-operator-2"
    style={Object {}}
  >
    <button
      className="MuiButtonBase-root-11 MuiIconButton-root-5 Pad-button-4"
      disabled={false}
      onBlur={[Function]}
      onClick={[Function]}
      onContextMenu={[Function]}
      onFocus={[Function]}
      onKeyDown={[Function]}
      onKeyUp={[Function]}
      onMouseDown={[Function]}
      onMouseLeave={[Function]}
      onMouseUp={[Function]}
      onTouchEnd={[Function]}
      onTouchMove={[Function]}
      onTouchStart={[Function]}
      tabIndex="-1"
      type="button"
    >
      <span
        className="MuiIconButton-label-10"
      >
        <div
          dangerouslySetInnerHTML={
            Object {
              "__html": "&#247;",
            }
          }
        />
      </span>
      <span
        className="MuiTouchRipple-root-14"
      />
    </button>
  </div>
  <div
    className="Pad-pad-3"
    style={Object {}}
  >
    <button
      className="MuiButtonBase-root-11 MuiIconButton-root-5 Pad-button-4"
      disabled={false}
      onBlur={[Function]}
      onClick={[Function]}
      onContextMenu={[Function]}
      onFocus={[Function]}
      onKeyDown={[Function]}
      onKeyUp={[Function]}
      onMouseDown={[Function]}
      onMouseLeave={[Function]}
      onMouseUp={[Function]}
      onTouchEnd={[Function]}
      onTouchMove={[Function]}
      onTouchStart={[Function]}
      tabIndex="-1"
      type="button"
    >
      <span
        className="MuiIconButton-label-10"
      >
        <div
          dangerouslySetInnerHTML={
            Object {
              "__html": "7",
            }
          }
        />
      </span>
      <span
        className="MuiTouchRipple-root-14"
      />
    </button>
  </div>
  <div
    className="Pad-pad-3"
    style={Object {}}
  >
    <button
      className="MuiButtonBase-root-11 MuiIconButton-root-5 Pad-button-4"
      disabled={false}
      onBlur={[Function]}
      onClick={[Function]}
      onContextMenu={[Function]}
      onFocus={[Function]}
      onKeyDown={[Function]}
      onKeyUp={[Function]}
      onMouseDown={[Function]}
      onMouseLeave={[Function]}
      onMouseUp={[Function]}
      onTouchEnd={[Function]}
      onTouchMove={[Function]}
      onTouchStart={[Function]}
      tabIndex="-1"
      type="button"
    >
      <span
        className="MuiIconButton-label-10"
      >
        <div
          dangerouslySetInnerHTML={
            Object {
              "__html": "8",
            }
          }
        />
      </span>
      <span
        className="MuiTouchRipple-root-14"
      />
    </button>
  </div>
  <div
    className="Pad-pad-3"
    style={Object {}}
  >
    <button
      className="MuiButtonBase-root-11 MuiIconButton-root-5 Pad-button-4"
      disabled={false}
      onBlur={[Function]}
      onClick={[Function]}
      onContextMenu={[Function]}
      onFocus={[Function]}
      onKeyDown={[Function]}
      onKeyUp={[Function]}
      onMouseDown={[Function]}
      onMouseLeave={[Function]}
      onMouseUp={[Function]}
      onTouchEnd={[Function]}
      onTouchMove={[Function]}
      onTouchStart={[Function]}
      tabIndex="-1"
      type="button"
    >
      <span
        className="MuiIconButton-label-10"
      >
        <div
          dangerouslySetInnerHTML={
            Object {
              "__html": "9",
            }
          }
        />
      </span>
      <span
        className="MuiTouchRipple-root-14"
      />
    </button>
  </div>
  <div
    className="Pad-pad-3 Basic-operator-2"
    style={Object {}}
  >
    <button
      className="MuiButtonBase-root-11 MuiIconButton-root-5 Pad-button-4"
      disabled={false}
      onBlur={[Function]}
      onClick={[Function]}
      onContextMenu={[Function]}
      onFocus={[Function]}
      onKeyDown={[Function]}
      onKeyUp={[Function]}
      onMouseDown={[Function]}
      onMouseLeave={[Function]}
      onMouseUp={[Function]}
      onTouchEnd={[Function]}
      onTouchMove={[Function]}
      onTouchStart={[Function]}
      tabIndex="-1"
      type="button"
    >
      <span
        className="MuiIconButton-label-10"
      >
        <div
          dangerouslySetInnerHTML={
            Object {
              "__html": "&#215;",
            }
          }
        />
      </span>
      <span
        className="MuiTouchRipple-root-14"
      />
    </button>
  </div>
  <div
    className="Pad-pad-3"
    style={Object {}}
  >
    <button
      className="MuiButtonBase-root-11 MuiIconButton-root-5 Pad-button-4"
      disabled={false}
      onBlur={[Function]}
      onClick={[Function]}
      onContextMenu={[Function]}
      onFocus={[Function]}
      onKeyDown={[Function]}
      onKeyUp={[Function]}
      onMouseDown={[Function]}
      onMouseLeave={[Function]}
      onMouseUp={[Function]}
      onTouchEnd={[Function]}
      onTouchMove={[Function]}
      onTouchStart={[Function]}
      tabIndex="-1"
      type="button"
    >
      <span
        className="MuiIconButton-label-10"
      >
        <div
          dangerouslySetInnerHTML={
            Object {
              "__html": "4",
            }
          }
        />
      </span>
      <span
        className="MuiTouchRipple-root-14"
      />
    </button>
  </div>
  <div
    className="Pad-pad-3"
    style={Object {}}
  >
    <button
      className="MuiButtonBase-root-11 MuiIconButton-root-5 Pad-button-4"
      disabled={false}
      onBlur={[Function]}
      onClick={[Function]}
      onContextMenu={[Function]}
      onFocus={[Function]}
      onKeyDown={[Function]}
      onKeyUp={[Function]}
      onMouseDown={[Function]}
      onMouseLeave={[Function]}
      onMouseUp={[Function]}
      onTouchEnd={[Function]}
      onTouchMove={[Function]}
      onTouchStart={[Function]}
      tabIndex="-1"
      type="button"
    >
      <span
        className="MuiIconButton-label-10"
      >
        <div
          dangerouslySetInnerHTML={
            Object {
              "__html": "5",
            }
          }
        />
      </span>
      <span
        className="MuiTouchRipple-root-14"
      />
    </button>
  </div>
  <div
    className="Pad-pad-3"
    style={Object {}}
  >
    <button
      className="MuiButtonBase-root-11 MuiIconButton-root-5 Pad-button-4"
      disabled={false}
      onBlur={[Function]}
      onClick={[Function]}
      onContextMenu={[Function]}
      onFocus={[Function]}
      onKeyDown={[Function]}
      onKeyUp={[Function]}
      onMouseDown={[Function]}
      onMouseLeave={[Function]}
      onMouseUp={[Function]}
      onTouchEnd={[Function]}
      onTouchMove={[Function]}
      onTouchStart={[Function]}
      tabIndex="-1"
      type="button"
    >
      <span
        className="MuiIconButton-label-10"
      >
        <div
          dangerouslySetInnerHTML={
            Object {
              "__html": "6",
            }
          }
        />
      </span>
      <span
        className="MuiTouchRipple-root-14"
      />
    </button>
  </div>
  <div
    className="Pad-pad-3 Basic-operator-2"
    style={Object {}}
  >
    <button
      className="MuiButtonBase-root-11 MuiIconButton-root-5 Pad-button-4"
      disabled={false}
      onBlur={[Function]}
      onClick={[Function]}
      onContextMenu={[Function]}
      onFocus={[Function]}
      onKeyDown={[Function]}
      onKeyUp={[Function]}
      onMouseDown={[Function]}
      onMouseLeave={[Function]}
      onMouseUp={[Function]}
      onTouchEnd={[Function]}
      onTouchMove={[Function]}
      onTouchStart={[Function]}
      tabIndex="-1"
      type="button"
    >
      <span
        className="MuiIconButton-label-10"
      >
        <div
          dangerouslySetInnerHTML={
            Object {
              "__html": "-",
            }
          }
        />
      </span>
      <span
        className="MuiTouchRipple-root-14"
      />
    </button>
  </div>
  <div
    className="Pad-pad-3"
    style={Object {}}
  >
    <button
      className="MuiButtonBase-root-11 MuiIconButton-root-5 Pad-button-4"
      disabled={false}
      onBlur={[Function]}
      onClick={[Function]}
      onContextMenu={[Function]}
      onFocus={[Function]}
      onKeyDown={[Function]}
      onKeyUp={[Function]}
      onMouseDown={[Function]}
      onMouseLeave={[Function]}
      onMouseUp={[Function]}
      onTouchEnd={[Function]}
      onTouchMove={[Function]}
      onTouchStart={[Function]}
      tabIndex="-1"
      type="button"
    >
      <span
        className="MuiIconButton-label-10"
      >
        <div
          dangerouslySetInnerHTML={
            Object {
              "__html": "1",
            }
          }
        />
      </span>
      <span
        className="MuiTouchRipple-root-14"
      />
    </button>
  </div>
  <div
    className="Pad-pad-3"
    style={Object {}}
  >
    <button
      className="MuiButtonBase-root-11 MuiIconButton-root-5 Pad-button-4"
      disabled={false}
      onBlur={[Function]}
      onClick={[Function]}
      onContextMenu={[Function]}
      onFocus={[Function]}
      onKeyDown={[Function]}
      onKeyUp={[Function]}
      onMouseDown={[Function]}
      onMouseLeave={[Function]}
      onMouseUp={[Function]}
      onTouchEnd={[Function]}
      onTouchMove={[Function]}
      onTouchStart={[Function]}
      tabIndex="-1"
      type="button"
    >
      <span
        className="MuiIconButton-label-10"
      >
        <div
          dangerouslySetInnerHTML={
            Object {
              "__html": "2",
            }
          }
        />
      </span>
      <span
        className="MuiTouchRipple-root-14"
      />
    </button>
  </div>
  <div
    className="Pad-pad-3"
    style={Object {}}
  >
    <button
      className="MuiButtonBase-root-11 MuiIconButton-root-5 Pad-button-4"
      disabled={false}
      onBlur={[Function]}
      onClick={[Function]}
      onContextMenu={[Function]}
      onFocus={[Function]}
      onKeyDown={[Function]}
      onKeyUp={[Function]}
      onMouseDown={[Function]}
      onMouseLeave={[Function]}
      onMouseUp={[Function]}
      onTouchEnd={[Function]}
      onTouchMove={[Function]}
      onTouchStart={[Function]}
      tabIndex="-1"
      type="button"
    >
      <span
        className="MuiIconButton-label-10"
      >
        <div
          dangerouslySetInnerHTML={
            Object {
              "__html": "3",
            }
          }
        />
      </span>
      <span
        className="MuiTouchRipple-root-14"
      />
    </button>
  </div>
  <div
    className="Pad-pad-3 Basic-operator-2"
    style={Object {}}
  >
    <button
      className="MuiButtonBase-root-11 MuiIconButton-root-5 Pad-button-4"
      disabled={false}
      onBlur={[Function]}
      onClick={[Function]}
      onContextMenu={[Function]}
      onFocus={[Function]}
      onKeyDown={[Function]}
      onKeyUp={[Function]}
      onMouseDown={[Function]}
      onMouseLeave={[Function]}
      onMouseUp={[Function]}
      onTouchEnd={[Function]}
      onTouchMove={[Function]}
      onTouchStart={[Function]}
      tabIndex="-1"
      type="button"
    >
      <span
        className="MuiIconButton-label-10"
      >
        <div
          dangerouslySetInnerHTML={
            Object {
              "__html": "+",
            }
          }
        />
      </span>
      <span
        className="MuiTouchRipple-root-14"
      />
    </button>
  </div>
  <div
    className="Pad-pad-3"
    style={
      Object {
        "gridColumn": "1/3",
      }
    }
  >
    <button
      className="MuiButtonBase-root-11 MuiIconButton-root-5 Pad-button-4"
      disabled={false}
      onBlur={[Function]}
      onClick={[Function]}
      onContextMenu={[Function]}
      onFocus={[Function]}
      onKeyDown={[Function]}
      onKeyUp={[Function]}
      onMouseDown={[Function]}
      onMouseLeave={[Function]}
      onMouseUp={[Function]}
      onTouchEnd={[Function]}
      onTouchMove={[Function]}
      onTouchStart={[Function]}
      tabIndex="-1"
      type="button"
    >
      <span
        className="MuiIconButton-label-10"
      >
        <div
          dangerouslySetInnerHTML={
            Object {
              "__html": "0",
            }
          }
        />
      </span>
      <span
        className="MuiTouchRipple-root-14"
      />
    </button>
  </div>
  <div
    className="Pad-pad-3"
    style={Object {}}
  >
    <button
      className="MuiButtonBase-root-11 MuiIconButton-root-5 Pad-button-4"
      disabled={false}
      onBlur={[Function]}
      onClick={[Function]}
      onContextMenu={[Function]}
      onFocus={[Function]}
      onKeyDown={[Function]}
      onKeyUp={[Function]}
      onMouseDown={[Function]}
      onMouseLeave={[Function]}
      onMouseUp={[Function]}
      onTouchEnd={[Function]}
      onTouchMove={[Function]}
      onTouchStart={[Function]}
      tabIndex="-1"
      type="button"
    >
      <span
        className="MuiIconButton-label-10"
      >
        <div
          dangerouslySetInnerHTML={
            Object {
              "__html": ".",
            }
          }
        />
      </span>
      <span
        className="MuiTouchRipple-root-14"
      />
    </button>
  </div>
  <div
    className="Pad-pad-3 Basic-operator-2"
    style={Object {}}
  >
    <button
      className="MuiButtonBase-root-11 MuiIconButton-root-5 Pad-button-4"
      disabled={false}
      onBlur={[Function]}
      onClick={[Function]}
      onContextMenu={[Function]}
      onFocus={[Function]}
      onKeyDown={[Function]}
      onKeyUp={[Function]}
      onMouseDown={[Function]}
      onMouseLeave={[Function]}
      onMouseUp={[Function]}
      onTouchEnd={[Function]}
      onTouchMove={[Function]}
      onTouchStart={[Function]}
      tabIndex="-1"
      type="button"
    >
      <span
        className="MuiIconButton-label-10"
      >
        <div
          dangerouslySetInnerHTML={
            Object {
              "__html": "=",
            }
          }
        />
      </span>
      <span
        className="MuiTouchRipple-root-14"
      />
    </button>
  </div>
</div>
`;
