// Jest Snapshot v1, https://goo.gl/fbAQLP

exports[`renders correctly 1`] = `
<div
  className="Component-pad-1"
  style={undefined}
>
  <div
    dataName="IconButton"
  >
    <div
      dangerouslySetInnerHTML={
        Object {
          "__html": undefined,
        }
      }
    />
  </div>
</div>
`;
