// Jest Snapshot v1, https://goo.gl/fbAQLP

exports[`renders correctly 1`] = `
<div
  className="Pad-pad-1"
  style={undefined}
>
  <button
    className="MuiButtonBase-root-9 MuiIconButton-root-3 Pad-button-2"
    disabled={false}
    onBlur={[Function]}
    onClick={[Function]}
    onFocus={[Function]}
    onKeyDown={[Function]}
    onKeyUp={[Function]}
    onMouseDown={[Function]}
    onMouseLeave={[Function]}
    onMouseUp={[Function]}
    onTouchEnd={[Function]}
    onTouchMove={[Function]}
    onTouchStart={[Function]}
    tabIndex="-1"
    type="button"
  >
    <span
      className="MuiIconButton-label-8"
    >
      <div
        dangerouslySetInnerHTML={
          Object {
            "__html": "1",
          }
        }
      />
    </span>
    <span
      className="MuiTouchRipple-root-12"
    />
  </button>
</div>
`;
